// Jest Snapshot v1, https://goo.gl/fbAQLP

exports[`Header component Should match snapshot 1`] = `
{
  "asFragment": [Function],
  "baseElement": <body>
    <div>
      <div
        class="relative flex items-center justify-between p-4 lg:px-6"
      >
        <div
          class="flex w-full items-center"
        >
          <div
            class="flex w-full md:w-1/3 items-center"
          >
            <div
              class="mr-2 flex w-full items-center justify-center md:w-auto lg:mr-6"
            >
              <button
                class="inline-flex items-center text-white justify-center text-sm font-medium transition-colors focus-visible:outline-none focus-visible:ring-2 focus-visible:ring-offset-2 ring-offset-slate-950 focus-visible:ring-slate-300 underline-offset-4 hover:underline dark:text-neutral-100 h-11 w-11 rounded-md"
              >
                <div
                  class="flex flex-none items-center justify-center border border-neutral-700 bg-black h-[40px] w-[40px] rounded-xl"
                >
                  <svg
                    aria-label="Acme Store logo"
                    class="h-5 w-5 fill-white h-[16px] w-[16px]"
                    name="logo-icon"
                    viewBox="0 0 32 28"
                    xmlns="http://www.w3.org/2000/svg"
                  >
                    <path
                      d="M21.5758 9.75769L16 0L0 28H11.6255L21.5758 9.75769Z"
                    />
                    <path
                      d="M26.2381 17.9167L20.7382 28H32L26.2381 17.9167Z"
                    />
                  </svg>
                </div>
              </button>
              <a
                class="ml-2 text-sm font-medium uppercase text-white"
                href=""
              >
                acme store
              </a>
            </div>
            <ul
              class="gap-6 text-sm md:flex md:items-center"
            >
              <li
                class="underline-offset-4 hover:underline text-neutral-400 hover:text-neutral-300 cursor-pointer"
              >
                All
              </li>
              <li
                class="underline-offset-4 hover:underline text-neutral-400 hover:text-neutral-300 cursor-pointer"
              >
                Shirts
              </li>
            </ul>
          </div>
          <div
            class="justify-center md:flex md:w-1/3"
          >
            <div
              class="relative w-full"
            >
              <input
                class="w-full rounded-lg border border-neutral-800 bg-transparent px-4 py-2 text-sm text-white placeholder:text-neutral-400"
                placeholder="Search Products..."
                type="text"
              />
              <div
                class="absolute inset-y-0 right-0 flex items-center pr-4 pointer-events-none"
              >
                <svg
                  aria-hidden="true"
                  class="w-4 h-4 text-white"
                  fill="none"
                  viewBox="0 0 20 20"
                  xmlns="http://www.w3.org/2000/svg"
                >
                  <path
                    d="m19 19-4-4m0-7A7 7 0 1 1 1 8a7 7 0 0 1 14 0Z"
                    stroke="currentColor"
                    stroke-linecap="round"
                    stroke-linejoin="round"
                    stroke-width="2"
                  />
                </svg>
              </div>
            </div>
          </div>
          <div
            class="flex justify-end md:w-1/3"
          >
            <button
              class="inline-flex items-center text-white justify-center text-sm font-medium focus-visible:outline-none focus-visible:ring-2 focus-visible:ring-offset-2 ring-offset-slate-950 focus-visible:ring-slate-300 border border-neutral-700 transition-colors h-11 w-11 rounded-md"
            >
              <svg
                class="lucide lucide-shopping-cart"
                fill="none"
                height="16"
                name="cart-icon"
                stroke="currentColor"
                stroke-linecap="round"
                stroke-linejoin="round"
                stroke-width="2"
                viewBox="0 0 24 24"
                width="16"
                xmlns="http://www.w3.org/2000/svg"
              >
                <circle
                  cx="8"
                  cy="21"
                  r="1"
                />
                <circle
                  cx="19"
                  cy="21"
                  r="1"
                />
                <path
                  d="M2.05 2.05h2l2.66 12.42a2 2 0 0 0 2 1.58h9.78a2 2 0 0 0 1.95-1.57l1.65-7.43H5.12"
                />
              </svg>
            </button>
          </div>
        </div>
      </div>
    </div>
  </body>,
  "container": <div>
    <div
      class="relative flex items-center justify-between p-4 lg:px-6"
    >
      <div
        class="flex w-full items-center"
      >
        <div
          class="flex w-full md:w-1/3 items-center"
        >
          <div
            class="mr-2 flex w-full items-center justify-center md:w-auto lg:mr-6"
          >
            <button
              class="inline-flex items-center text-white justify-center text-sm font-medium transition-colors focus-visible:outline-none focus-visible:ring-2 focus-visible:ring-offset-2 ring-offset-slate-950 focus-visible:ring-slate-300 underline-offset-4 hover:underline dark:text-neutral-100 h-11 w-11 rounded-md"
            >
              <div
                class="flex flex-none items-center justify-center border border-neutral-700 bg-black h-[40px] w-[40px] rounded-xl"
              >
                <svg
                  aria-label="Acme Store logo"
                  class="h-5 w-5 fill-white h-[16px] w-[16px]"
                  name="logo-icon"
                  viewBox="0 0 32 28"
                  xmlns="http://www.w3.org/2000/svg"
                >
                  <path
                    d="M21.5758 9.75769L16 0L0 28H11.6255L21.5758 9.75769Z"
                  />
                  <path
                    d="M26.2381 17.9167L20.7382 28H32L26.2381 17.9167Z"
                  />
                </svg>
              </div>
            </button>
            <a
              class="ml-2 text-sm font-medium uppercase text-white"
              href=""
            >
              acme store
            </a>
          </div>
          <ul
            class="gap-6 text-sm md:flex md:items-center"
          >
            <li
              class="underline-offset-4 hover:underline text-neutral-400 hover:text-neutral-300 cursor-pointer"
            >
              All
            </li>
            <li
              class="underline-offset-4 hover:underline text-neutral-400 hover:text-neutral-300 cursor-pointer"
            >
              Shirts
            </li>
          </ul>
        </div>
        <div
          class="justify-center md:flex md:w-1/3"
        >
          <div
            class="relative w-full"
          >
            <input
              class="w-full rounded-lg border border-neutral-800 bg-transparent px-4 py-2 text-sm text-white placeholder:text-neutral-400"
              placeholder="Search Products..."
              type="text"
            />
            <div
              class="absolute inset-y-0 right-0 flex items-center pr-4 pointer-events-none"
            >
              <svg
                aria-hidden="true"
                class="w-4 h-4 text-white"
                fill="none"
                viewBox="0 0 20 20"
                xmlns="http://www.w3.org/2000/svg"
              >
                <path
                  d="m19 19-4-4m0-7A7 7 0 1 1 1 8a7 7 0 0 1 14 0Z"
                  stroke="currentColor"
                  stroke-linecap="round"
                  stroke-linejoin="round"
                  stroke-width="2"
                />
              </svg>
            </div>
          </div>
        </div>
        <div
          class="flex justify-end md:w-1/3"
        >
          <button
            class="inline-flex items-center text-white justify-center text-sm font-medium focus-visible:outline-none focus-visible:ring-2 focus-visible:ring-offset-2 ring-offset-slate-950 focus-visible:ring-slate-300 border border-neutral-700 transition-colors h-11 w-11 rounded-md"
          >
            <svg
              class="lucide lucide-shopping-cart"
              fill="none"
              height="16"
              name="cart-icon"
              stroke="currentColor"
              stroke-linecap="round"
              stroke-linejoin="round"
              stroke-width="2"
              viewBox="0 0 24 24"
              width="16"
              xmlns="http://www.w3.org/2000/svg"
            >
              <circle
                cx="8"
                cy="21"
                r="1"
              />
              <circle
                cx="19"
                cy="21"
                r="1"
              />
              <path
                d="M2.05 2.05h2l2.66 12.42a2 2 0 0 0 2 1.58h9.78a2 2 0 0 0 1.95-1.57l1.65-7.43H5.12"
              />
            </svg>
          </button>
        </div>
      </div>
    </div>
  </div>,
  "debug": [Function],
  "findAllByAltText": [Function],
  "findAllByDisplayValue": [Function],
  "findAllByLabelText": [Function],
  "findAllByPlaceholderText": [Function],
  "findAllByRole": [Function],
  "findAllByTestId": [Function],
  "findAllByText": [Function],
  "findAllByTitle": [Function],
  "findByAltText": [Function],
  "findByDisplayValue": [Function],
  "findByLabelText": [Function],
  "findByPlaceholderText": [Function],
  "findByRole": [Function],
  "findByTestId": [Function],
  "findByText": [Function],
  "findByTitle": [Function],
  "getAllByAltText": [Function],
  "getAllByDisplayValue": [Function],
  "getAllByLabelText": [Function],
  "getAllByPlaceholderText": [Function],
  "getAllByRole": [Function],
  "getAllByTestId": [Function],
  "getAllByText": [Function],
  "getAllByTitle": [Function],
  "getByAltText": [Function],
  "getByDisplayValue": [Function],
  "getByLabelText": [Function],
  "getByPlaceholderText": [Function],
  "getByRole": [Function],
  "getByTestId": [Function],
  "getByText": [Function],
  "getByTitle": [Function],
  "queryAllByAltText": [Function],
  "queryAllByDisplayValue": [Function],
  "queryAllByLabelText": [Function],
  "queryAllByPlaceholderText": [Function],
  "queryAllByRole": [Function],
  "queryAllByTestId": [Function],
  "queryAllByText": [Function],
  "queryAllByTitle": [Function],
  "queryByAltText": [Function],
  "queryByDisplayValue": [Function],
  "queryByLabelText": [Function],
  "queryByPlaceholderText": [Function],
  "queryByRole": [Function],
  "queryByTestId": [Function],
  "queryByText": [Function],
  "queryByTitle": [Function],
  "rerender": [Function],
  "unmount": [Function],
}
`;
