// Jest Snapshot v1, https://goo.gl/fbAQLP

exports[`Sort Product component Should match snapshot 1`] = `
{
  "asFragment": [Function],
  "baseElement": <body>
    <div>
      <nav>
        <h3
          class="hidden text-xs text-neutral-400 md:block"
        >
          Sort By
        </h3>
        <ul
          class="hidden md:block"
          data-testid="sort-products"
        >
          <li
            class="mt-2 flex text-white "
          >
            <button
              class="text-sm underline-offset-4 hover:underline hover:text-neutral-100"
              value="high-to-low"
            >
              High to Low
            </button>
          </li>
          <li
            class="mt-2 flex text-white font-bold underline"
          >
            <button
              class="text-sm underline-offset-4 hover:underline hover:text-neutral-100"
              value="low-to-high"
            >
              Low to High
            </button>
          </li>
        </ul>
        <div
          class="md:hidden"
        >
          <div
            class="relative"
          >
            <select
              class="bg-transparent flex w-full items-center justify-between rounded border px-4 py-2 text-sm border-white/30"
            >
              <option
                class="mt-2 flex text-white bg-black"
                value="high-to-low"
              >
                High to Low
              </option>
              <option
                class="mt-2 flex text-white bg-black"
                value="low-to-high"
              >
                Low to High
              </option>
            </select>
          </div>
        </div>
      </nav>
    </div>
  </body>,
  "container": <div>
    <nav>
      <h3
        class="hidden text-xs text-neutral-400 md:block"
      >
        Sort By
      </h3>
      <ul
        class="hidden md:block"
        data-testid="sort-products"
      >
        <li
          class="mt-2 flex text-white "
        >
          <button
            class="text-sm underline-offset-4 hover:underline hover:text-neutral-100"
            value="high-to-low"
          >
            High to Low
          </button>
        </li>
        <li
          class="mt-2 flex text-white font-bold underline"
        >
          <button
            class="text-sm underline-offset-4 hover:underline hover:text-neutral-100"
            value="low-to-high"
          >
            Low to High
          </button>
        </li>
      </ul>
      <div
        class="md:hidden"
      >
        <div
          class="relative"
        >
          <select
            class="bg-transparent flex w-full items-center justify-between rounded border px-4 py-2 text-sm border-white/30"
          >
            <option
              class="mt-2 flex text-white bg-black"
              value="high-to-low"
            >
              High to Low
            </option>
            <option
              class="mt-2 flex text-white bg-black"
              value="low-to-high"
            >
              Low to High
            </option>
          </select>
        </div>
      </div>
    </nav>
  </div>,
  "debug": [Function],
  "findAllByAltText": [Function],
  "findAllByDisplayValue": [Function],
  "findAllByLabelText": [Function],
  "findAllByPlaceholderText": [Function],
  "findAllByRole": [Function],
  "findAllByTestId": [Function],
  "findAllByText": [Function],
  "findAllByTitle": [Function],
  "findByAltText": [Function],
  "findByDisplayValue": [Function],
  "findByLabelText": [Function],
  "findByPlaceholderText": [Function],
  "findByRole": [Function],
  "findByTestId": [Function],
  "findByText": [Function],
  "findByTitle": [Function],
  "getAllByAltText": [Function],
  "getAllByDisplayValue": [Function],
  "getAllByLabelText": [Function],
  "getAllByPlaceholderText": [Function],
  "getAllByRole": [Function],
  "getAllByTestId": [Function],
  "getAllByText": [Function],
  "getAllByTitle": [Function],
  "getByAltText": [Function],
  "getByDisplayValue": [Function],
  "getByLabelText": [Function],
  "getByPlaceholderText": [Function],
  "getByRole": [Function],
  "getByTestId": [Function],
  "getByText": [Function],
  "getByTitle": [Function],
  "queryAllByAltText": [Function],
  "queryAllByDisplayValue": [Function],
  "queryAllByLabelText": [Function],
  "queryAllByPlaceholderText": [Function],
  "queryAllByRole": [Function],
  "queryAllByTestId": [Function],
  "queryAllByText": [Function],
  "queryAllByTitle": [Function],
  "queryByAltText": [Function],
  "queryByDisplayValue": [Function],
  "queryByLabelText": [Function],
  "queryByPlaceholderText": [Function],
  "queryByRole": [Function],
  "queryByTestId": [Function],
  "queryByText": [Function],
  "queryByTitle": [Function],
  "rerender": [Function],
  "unmount": [Function],
}
`;
