// Jest Snapshot v1, https://goo.gl/fbAQLP

exports[`Pagination Component Should match snapshot 1`] = `
{
  "asFragment": [Function],
  "baseElement": <body>
    <div>
      <nav
        class="pt-4 flex justify-end"
      >
        <ul
          class="inline-flex -space-x-px text-md gap-4"
          data-testid="pagination"
        >
          <li>
            <button
              class="inline-flex items-center text-white justify-center text-sm font-medium focus-visible:outline-none focus-visible:ring-2 focus-visible:ring-offset-2 ring-offset-slate-950 focus-visible:ring-slate-300 border-neutral-800 ring-1 transition duration-300 ease-in-out enabled:hover:scale-110 enabled:hover:ring-blue-600 relative z-10 disabled:cursor-not-allowed overflow-hidden disabled:before:absolute disabled:before:inset-x-0 disabled:before:-z-10 disabled:before:h-px disabled:before:-rotate-45 disabled:before:transition-transform disabled:text-neutral-400 ring-neutral-700 disabled:before:bg-neutral-700 h-11 w-11 rounded-md bg-blue-600"
              value="1"
            >
              1
            </button>
          </li>
          <li>
            <button
              class="inline-flex items-center text-white justify-center text-sm font-medium focus-visible:outline-none focus-visible:ring-2 focus-visible:ring-offset-2 ring-offset-slate-950 focus-visible:ring-slate-300 bg-neutral-900 border-neutral-800 ring-1 transition duration-300 ease-in-out enabled:hover:scale-110 enabled:hover:ring-blue-600 relative z-10 disabled:cursor-not-allowed overflow-hidden disabled:before:absolute disabled:before:inset-x-0 disabled:before:-z-10 disabled:before:h-px disabled:before:-rotate-45 disabled:before:transition-transform disabled:text-neutral-400 ring-neutral-700 disabled:before:bg-neutral-700 h-11 w-11 rounded-md"
              value="2"
            >
              2
            </button>
          </li>
          <li>
            <button
              class="inline-flex items-center text-white justify-center text-sm font-medium focus-visible:outline-none focus-visible:ring-2 focus-visible:ring-offset-2 ring-offset-slate-950 focus-visible:ring-slate-300 bg-neutral-900 border-neutral-800 ring-1 transition duration-300 ease-in-out enabled:hover:scale-110 enabled:hover:ring-blue-600 relative z-10 disabled:cursor-not-allowed overflow-hidden disabled:before:absolute disabled:before:inset-x-0 disabled:before:-z-10 disabled:before:h-px disabled:before:-rotate-45 disabled:before:transition-transform disabled:text-neutral-400 ring-neutral-700 disabled:before:bg-neutral-700 h-11 w-11 rounded-md"
              value="3"
            >
              3
            </button>
          </li>
          <li>
            <button
              class="inline-flex items-center text-white justify-center text-sm font-medium focus-visible:outline-none focus-visible:ring-2 focus-visible:ring-offset-2 ring-offset-slate-950 focus-visible:ring-slate-300 bg-neutral-900 border-neutral-800 ring-1 transition duration-300 ease-in-out enabled:hover:scale-110 enabled:hover:ring-blue-600 relative z-10 disabled:cursor-not-allowed overflow-hidden disabled:before:absolute disabled:before:inset-x-0 disabled:before:-z-10 disabled:before:h-px disabled:before:-rotate-45 disabled:before:transition-transform disabled:text-neutral-400 ring-neutral-700 disabled:before:bg-neutral-700 h-11 w-11 rounded-md"
              value="4"
            >
              4
            </button>
          </li>
        </ul>
      </nav>
    </div>
  </body>,
  "container": <div>
    <nav
      class="pt-4 flex justify-end"
    >
      <ul
        class="inline-flex -space-x-px text-md gap-4"
        data-testid="pagination"
      >
        <li>
          <button
            class="inline-flex items-center text-white justify-center text-sm font-medium focus-visible:outline-none focus-visible:ring-2 focus-visible:ring-offset-2 ring-offset-slate-950 focus-visible:ring-slate-300 border-neutral-800 ring-1 transition duration-300 ease-in-out enabled:hover:scale-110 enabled:hover:ring-blue-600 relative z-10 disabled:cursor-not-allowed overflow-hidden disabled:before:absolute disabled:before:inset-x-0 disabled:before:-z-10 disabled:before:h-px disabled:before:-rotate-45 disabled:before:transition-transform disabled:text-neutral-400 ring-neutral-700 disabled:before:bg-neutral-700 h-11 w-11 rounded-md bg-blue-600"
            value="1"
          >
            1
          </button>
        </li>
        <li>
          <button
            class="inline-flex items-center text-white justify-center text-sm font-medium focus-visible:outline-none focus-visible:ring-2 focus-visible:ring-offset-2 ring-offset-slate-950 focus-visible:ring-slate-300 bg-neutral-900 border-neutral-800 ring-1 transition duration-300 ease-in-out enabled:hover:scale-110 enabled:hover:ring-blue-600 relative z-10 disabled:cursor-not-allowed overflow-hidden disabled:before:absolute disabled:before:inset-x-0 disabled:before:-z-10 disabled:before:h-px disabled:before:-rotate-45 disabled:before:transition-transform disabled:text-neutral-400 ring-neutral-700 disabled:before:bg-neutral-700 h-11 w-11 rounded-md"
            value="2"
          >
            2
          </button>
        </li>
        <li>
          <button
            class="inline-flex items-center text-white justify-center text-sm font-medium focus-visible:outline-none focus-visible:ring-2 focus-visible:ring-offset-2 ring-offset-slate-950 focus-visible:ring-slate-300 bg-neutral-900 border-neutral-800 ring-1 transition duration-300 ease-in-out enabled:hover:scale-110 enabled:hover:ring-blue-600 relative z-10 disabled:cursor-not-allowed overflow-hidden disabled:before:absolute disabled:before:inset-x-0 disabled:before:-z-10 disabled:before:h-px disabled:before:-rotate-45 disabled:before:transition-transform disabled:text-neutral-400 ring-neutral-700 disabled:before:bg-neutral-700 h-11 w-11 rounded-md"
            value="3"
          >
            3
          </button>
        </li>
        <li>
          <button
            class="inline-flex items-center text-white justify-center text-sm font-medium focus-visible:outline-none focus-visible:ring-2 focus-visible:ring-offset-2 ring-offset-slate-950 focus-visible:ring-slate-300 bg-neutral-900 border-neutral-800 ring-1 transition duration-300 ease-in-out enabled:hover:scale-110 enabled:hover:ring-blue-600 relative z-10 disabled:cursor-not-allowed overflow-hidden disabled:before:absolute disabled:before:inset-x-0 disabled:before:-z-10 disabled:before:h-px disabled:before:-rotate-45 disabled:before:transition-transform disabled:text-neutral-400 ring-neutral-700 disabled:before:bg-neutral-700 h-11 w-11 rounded-md"
            value="4"
          >
            4
          </button>
        </li>
      </ul>
    </nav>
  </div>,
  "debug": [Function],
  "findAllByAltText": [Function],
  "findAllByDisplayValue": [Function],
  "findAllByLabelText": [Function],
  "findAllByPlaceholderText": [Function],
  "findAllByRole": [Function],
  "findAllByTestId": [Function],
  "findAllByText": [Function],
  "findAllByTitle": [Function],
  "findByAltText": [Function],
  "findByDisplayValue": [Function],
  "findByLabelText": [Function],
  "findByPlaceholderText": [Function],
  "findByRole": [Function],
  "findByTestId": [Function],
  "findByText": [Function],
  "findByTitle": [Function],
  "getAllByAltText": [Function],
  "getAllByDisplayValue": [Function],
  "getAllByLabelText": [Function],
  "getAllByPlaceholderText": [Function],
  "getAllByRole": [Function],
  "getAllByTestId": [Function],
  "getAllByText": [Function],
  "getAllByTitle": [Function],
  "getByAltText": [Function],
  "getByDisplayValue": [Function],
  "getByLabelText": [Function],
  "getByPlaceholderText": [Function],
  "getByRole": [Function],
  "getByTestId": [Function],
  "getByText": [Function],
  "getByTitle": [Function],
  "queryAllByAltText": [Function],
  "queryAllByDisplayValue": [Function],
  "queryAllByLabelText": [Function],
  "queryAllByPlaceholderText": [Function],
  "queryAllByRole": [Function],
  "queryAllByTestId": [Function],
  "queryAllByText": [Function],
  "queryAllByTitle": [Function],
  "queryByAltText": [Function],
  "queryByDisplayValue": [Function],
  "queryByLabelText": [Function],
  "queryByPlaceholderText": [Function],
  "queryByRole": [Function],
  "queryByTestId": [Function],
  "queryByText": [Function],
  "queryByTitle": [Function],
  "rerender": [Function],
  "unmount": [Function],
}
`;
