// Jest Snapshot v1, https://goo.gl/fbAQLP

exports[`FormControl component Should match snapshot 1`] = `
{
  "asFragment": [Function],
  "baseElement": <body>
    <div>
      <label
        class="block mb-2 text-sm font-medium text-neutral-400"
        for="value1"
      >
        Label 1
      </label>
      <input
        class="w-full rounded-lg border border-neutral-800 bg-transparent px-4 text-sm text-white placeholder:text-neutral-400 py-3"
        id="value1"
        placeholder="Placeholder1"
        type="text"
        value="value1"
      />
      <p
        class="text-sm text-red-500"
      >
        Error messages
      </p>
    </div>
  </body>,
  "container": <div>
    <label
      class="block mb-2 text-sm font-medium text-neutral-400"
      for="value1"
    >
      Label 1
    </label>
    <input
      class="w-full rounded-lg border border-neutral-800 bg-transparent px-4 text-sm text-white placeholder:text-neutral-400 py-3"
      id="value1"
      placeholder="Placeholder1"
      type="text"
      value="value1"
    />
    <p
      class="text-sm text-red-500"
    >
      Error messages
    </p>
  </div>,
  "debug": [Function],
  "findAllByAltText": [Function],
  "findAllByDisplayValue": [Function],
  "findAllByLabelText": [Function],
  "findAllByPlaceholderText": [Function],
  "findAllByRole": [Function],
  "findAllByTestId": [Function],
  "findAllByText": [Function],
  "findAllByTitle": [Function],
  "findByAltText": [Function],
  "findByDisplayValue": [Function],
  "findByLabelText": [Function],
  "findByPlaceholderText": [Function],
  "findByRole": [Function],
  "findByTestId": [Function],
  "findByText": [Function],
  "findByTitle": [Function],
  "getAllByAltText": [Function],
  "getAllByDisplayValue": [Function],
  "getAllByLabelText": [Function],
  "getAllByPlaceholderText": [Function],
  "getAllByRole": [Function],
  "getAllByTestId": [Function],
  "getAllByText": [Function],
  "getAllByTitle": [Function],
  "getByAltText": [Function],
  "getByDisplayValue": [Function],
  "getByLabelText": [Function],
  "getByPlaceholderText": [Function],
  "getByRole": [Function],
  "getByTestId": [Function],
  "getByText": [Function],
  "getByTitle": [Function],
  "queryAllByAltText": [Function],
  "queryAllByDisplayValue": [Function],
  "queryAllByLabelText": [Function],
  "queryAllByPlaceholderText": [Function],
  "queryAllByRole": [Function],
  "queryAllByTestId": [Function],
  "queryAllByText": [Function],
  "queryAllByTitle": [Function],
  "queryByAltText": [Function],
  "queryByDisplayValue": [Function],
  "queryByLabelText": [Function],
  "queryByPlaceholderText": [Function],
  "queryByRole": [Function],
  "queryByTestId": [Function],
  "queryByText": [Function],
  "queryByTitle": [Function],
  "rerender": [Function],
  "unmount": [Function],
}
`;
