// Jest Snapshot v1, https://goo.gl/fbAQLP

exports[`SearchInput component Should match snapshot 1`] = `
{
  "asFragment": [Function],
  "baseElement": <body>
    <div>
      <input
        class="w-full rounded-lg border border-neutral-800 bg-transparent px-4 py-2 text-sm text-white placeholder:text-neutral-400"
        placeholder="Search products ..."
        type="text"
      />
      <div
        class="absolute inset-y-0 right-0 flex items-center pr-4 pointer-events-none"
      >
        <img
          alt="search-icon"
          src=""
        />
      </div>
    </div>
  </body>,
  "container": <div>
    <input
      class="w-full rounded-lg border border-neutral-800 bg-transparent px-4 py-2 text-sm text-white placeholder:text-neutral-400"
      placeholder="Search products ..."
      type="text"
    />
    <div
      class="absolute inset-y-0 right-0 flex items-center pr-4 pointer-events-none"
    >
      <img
        alt="search-icon"
        src=""
      />
    </div>
  </div>,
  "debug": [Function],
  "findAllByAltText": [Function],
  "findAllByDisplayValue": [Function],
  "findAllByLabelText": [Function],
  "findAllByPlaceholderText": [Function],
  "findAllByRole": [Function],
  "findAllByTestId": [Function],
  "findAllByText": [Function],
  "findAllByTitle": [Function],
  "findByAltText": [Function],
  "findByDisplayValue": [Function],
  "findByLabelText": [Function],
  "findByPlaceholderText": [Function],
  "findByRole": [Function],
  "findByTestId": [Function],
  "findByText": [Function],
  "findByTitle": [Function],
  "getAllByAltText": [Function],
  "getAllByDisplayValue": [Function],
  "getAllByLabelText": [Function],
  "getAllByPlaceholderText": [Function],
  "getAllByRole": [Function],
  "getAllByTestId": [Function],
  "getAllByText": [Function],
  "getAllByTitle": [Function],
  "getByAltText": [Function],
  "getByDisplayValue": [Function],
  "getByLabelText": [Function],
  "getByPlaceholderText": [Function],
  "getByRole": [Function],
  "getByTestId": [Function],
  "getByText": [Function],
  "getByTitle": [Function],
  "queryAllByAltText": [Function],
  "queryAllByDisplayValue": [Function],
  "queryAllByLabelText": [Function],
  "queryAllByPlaceholderText": [Function],
  "queryAllByRole": [Function],
  "queryAllByTestId": [Function],
  "queryAllByText": [Function],
  "queryAllByTitle": [Function],
  "queryByAltText": [Function],
  "queryByDisplayValue": [Function],
  "queryByLabelText": [Function],
  "queryByPlaceholderText": [Function],
  "queryByRole": [Function],
  "queryByTestId": [Function],
  "queryByText": [Function],
  "queryByTitle": [Function],
  "rerender": [Function],
  "unmount": [Function],
}
`;
