// Jest Snapshot v1, https://goo.gl/fbAQLP

exports[`Cart Component Should match snapshot 1`] = `
{
  "asFragment": [Function],
  "baseElement": <body>
    <div>
      <div
        class="fixed top-0 left-0 right-0 bottom-0 w-full h-screen z-50 overflow-hidden bg-black/30 opacity-100 backdrop-blur-[.5px]"
      >
        <aside
          class="fixed bottom-0 right-0 top-0 flex h-full w-full flex-col border-l p-4 lg:px-6 backdrop-blur-xl border-neutral-700 bg-black/90 text-white md:w-[390px] translate-x-0 z-60"
        >
          <div
            class="flex items-center justify-between"
          >
            <p
              class="text-lg font-semibold"
            >
              My Cart
            </p>
            <div
              class="flex justify-end md:w-1/3"
            >
              <button
                class="inline-flex items-center text-white justify-center text-sm font-medium focus-visible:outline-none focus-visible:ring-2 focus-visible:ring-offset-2 ring-offset-slate-950 focus-visible:ring-slate-300 border border-neutral-700 transition-colors h-11 w-11 rounded-md"
                data-testid="close-cart-btn"
              >
                <img
                  alt="cross-icon"
                  height="16"
                  src=""
                  width="16"
                />
              </button>
            </div>
          </div>
          <div
            class="mt-20 flex w-full flex-col items-center justify-center overflow-hidden"
          >
            <svg
              class="lucide lucide-shopping-cart"
              fill="none"
              height="64"
              name="cart-icon"
              stroke="currentColor"
              stroke-linecap="round"
              stroke-linejoin="round"
              stroke-width="2"
              viewBox="0 0 24 24"
              width="64"
              xmlns="http://www.w3.org/2000/svg"
            >
              <circle
                cx="8"
                cy="21"
                r="1"
              />
              <circle
                cx="19"
                cy="21"
                r="1"
              />
              <path
                d="M2.05 2.05h2l2.66 12.42a2 2 0 0 0 2 1.58h9.78a2 2 0 0 0 1.95-1.57l1.65-7.43H5.12"
              />
            </svg>
            <p
              class="mt-6 text-center text-2xl font-bold"
            >
              Your cart is empty.
            </p>
          </div>
        </aside>
      </div>
    </div>
  </body>,
  "container": <div>
    <div
      class="fixed top-0 left-0 right-0 bottom-0 w-full h-screen z-50 overflow-hidden bg-black/30 opacity-100 backdrop-blur-[.5px]"
    >
      <aside
        class="fixed bottom-0 right-0 top-0 flex h-full w-full flex-col border-l p-4 lg:px-6 backdrop-blur-xl border-neutral-700 bg-black/90 text-white md:w-[390px] translate-x-0 z-60"
      >
        <div
          class="flex items-center justify-between"
        >
          <p
            class="text-lg font-semibold"
          >
            My Cart
          </p>
          <div
            class="flex justify-end md:w-1/3"
          >
            <button
              class="inline-flex items-center text-white justify-center text-sm font-medium focus-visible:outline-none focus-visible:ring-2 focus-visible:ring-offset-2 ring-offset-slate-950 focus-visible:ring-slate-300 border border-neutral-700 transition-colors h-11 w-11 rounded-md"
              data-testid="close-cart-btn"
            >
              <img
                alt="cross-icon"
                height="16"
                src=""
                width="16"
              />
            </button>
          </div>
        </div>
        <div
          class="mt-20 flex w-full flex-col items-center justify-center overflow-hidden"
        >
          <svg
            class="lucide lucide-shopping-cart"
            fill="none"
            height="64"
            name="cart-icon"
            stroke="currentColor"
            stroke-linecap="round"
            stroke-linejoin="round"
            stroke-width="2"
            viewBox="0 0 24 24"
            width="64"
            xmlns="http://www.w3.org/2000/svg"
          >
            <circle
              cx="8"
              cy="21"
              r="1"
            />
            <circle
              cx="19"
              cy="21"
              r="1"
            />
            <path
              d="M2.05 2.05h2l2.66 12.42a2 2 0 0 0 2 1.58h9.78a2 2 0 0 0 1.95-1.57l1.65-7.43H5.12"
            />
          </svg>
          <p
            class="mt-6 text-center text-2xl font-bold"
          >
            Your cart is empty.
          </p>
        </div>
      </aside>
    </div>
  </div>,
  "debug": [Function],
  "findAllByAltText": [Function],
  "findAllByDisplayValue": [Function],
  "findAllByLabelText": [Function],
  "findAllByPlaceholderText": [Function],
  "findAllByRole": [Function],
  "findAllByTestId": [Function],
  "findAllByText": [Function],
  "findAllByTitle": [Function],
  "findByAltText": [Function],
  "findByDisplayValue": [Function],
  "findByLabelText": [Function],
  "findByPlaceholderText": [Function],
  "findByRole": [Function],
  "findByTestId": [Function],
  "findByText": [Function],
  "findByTitle": [Function],
  "getAllByAltText": [Function],
  "getAllByDisplayValue": [Function],
  "getAllByLabelText": [Function],
  "getAllByPlaceholderText": [Function],
  "getAllByRole": [Function],
  "getAllByTestId": [Function],
  "getAllByText": [Function],
  "getAllByTitle": [Function],
  "getByAltText": [Function],
  "getByDisplayValue": [Function],
  "getByLabelText": [Function],
  "getByPlaceholderText": [Function],
  "getByRole": [Function],
  "getByTestId": [Function],
  "getByText": [Function],
  "getByTitle": [Function],
  "queryAllByAltText": [Function],
  "queryAllByDisplayValue": [Function],
  "queryAllByLabelText": [Function],
  "queryAllByPlaceholderText": [Function],
  "queryAllByRole": [Function],
  "queryAllByTestId": [Function],
  "queryAllByText": [Function],
  "queryAllByTitle": [Function],
  "queryByAltText": [Function],
  "queryByDisplayValue": [Function],
  "queryByLabelText": [Function],
  "queryByPlaceholderText": [Function],
  "queryByRole": [Function],
  "queryByTestId": [Function],
  "queryByText": [Function],
  "queryByTitle": [Function],
  "rerender": [Function],
  "unmount": [Function],
}
`;
