// Jest Snapshot v1, https://goo.gl/fbAQLP

exports[`Cart Component Should match snapshot 1`] = `
{
  "asFragment": [Function],
  "baseElement": <body>
    <div>
      <aside
        class="fixed bottom-0 right-0 top-0 flex h-full w-full flex-col border-l p-4 lg:px-6 backdrop-blur-xl border-neutral-700 bg-black/80 text-white md:w-[390px] translate-x-0 z-10"
      >
        <div
          class="flex items-center justify-between"
        >
          <p
            class="text-lg font-semibold"
          >
            My Cart
          </p>
          <div
            class="flex justify-end md:w-1/3"
          >
            <button
              class="inline-flex items-center text-white justify-center text-sm font-medium focus-visible:outline-none focus-visible:ring-2 focus-visible:ring-offset-2 ring-offset-slate-950 focus-visible:ring-slate-300 border border-neutral-700 transition-colors h-11 w-11 rounded-md"
              data-testid="close-cart-btn"
            >
              <img
                alt="cross-icon"
                src=""
              />
            </button>
          </div>
        </div>
        <div
          class="flex h-full flex-col justify-between overflow-hidden p-1"
        >
          <ul
            class="flex-grow overflow-auto py-4"
          />
          <div
            class="py-4 text-sm text-neutral-400"
          >
            <div
              class="mb-3 flex items-center justify-between border-b pb-1 border-neutral-700"
            >
              <p>
                Taxes
              </p>
              <p
                class="text-right text-base text-white"
              >
                $0.00
                <span
                  class="ml-1 inline"
                >
                  USD
                </span>
              </p>
            </div>
            <div
              class="mb-3 flex items-center justify-between border-b pb-1 pt-1 border-neutral-700"
            >
              <p>
                Shipping
              </p>
              <p
                class="text-right"
              >
                Calculated at checkout
              </p>
            </div>
            <div
              class="mb-3 flex items-center justify-between border-b pb-1 pt-1 border-neutral-700"
            >
              <p>
                Total
              </p>
              <p
                class="text-right text-base text-white"
              >
                $
                0
                <span
                  class="ml-1 inline"
                >
                  USD
                </span>
              </p>
            </div>
          </div>
        </div>
      </aside>
    </div>
  </body>,
  "container": <div>
    <aside
      class="fixed bottom-0 right-0 top-0 flex h-full w-full flex-col border-l p-4 lg:px-6 backdrop-blur-xl border-neutral-700 bg-black/80 text-white md:w-[390px] translate-x-0 z-10"
    >
      <div
        class="flex items-center justify-between"
      >
        <p
          class="text-lg font-semibold"
        >
          My Cart
        </p>
        <div
          class="flex justify-end md:w-1/3"
        >
          <button
            class="inline-flex items-center text-white justify-center text-sm font-medium focus-visible:outline-none focus-visible:ring-2 focus-visible:ring-offset-2 ring-offset-slate-950 focus-visible:ring-slate-300 border border-neutral-700 transition-colors h-11 w-11 rounded-md"
            data-testid="close-cart-btn"
          >
            <img
              alt="cross-icon"
              src=""
            />
          </button>
        </div>
      </div>
      <div
        class="flex h-full flex-col justify-between overflow-hidden p-1"
      >
        <ul
          class="flex-grow overflow-auto py-4"
        />
        <div
          class="py-4 text-sm text-neutral-400"
        >
          <div
            class="mb-3 flex items-center justify-between border-b pb-1 border-neutral-700"
          >
            <p>
              Taxes
            </p>
            <p
              class="text-right text-base text-white"
            >
              $0.00
              <span
                class="ml-1 inline"
              >
                USD
              </span>
            </p>
          </div>
          <div
            class="mb-3 flex items-center justify-between border-b pb-1 pt-1 border-neutral-700"
          >
            <p>
              Shipping
            </p>
            <p
              class="text-right"
            >
              Calculated at checkout
            </p>
          </div>
          <div
            class="mb-3 flex items-center justify-between border-b pb-1 pt-1 border-neutral-700"
          >
            <p>
              Total
            </p>
            <p
              class="text-right text-base text-white"
            >
              $
              0
              <span
                class="ml-1 inline"
              >
                USD
              </span>
            </p>
          </div>
        </div>
      </div>
    </aside>
  </div>,
  "debug": [Function],
  "findAllByAltText": [Function],
  "findAllByDisplayValue": [Function],
  "findAllByLabelText": [Function],
  "findAllByPlaceholderText": [Function],
  "findAllByRole": [Function],
  "findAllByTestId": [Function],
  "findAllByText": [Function],
  "findAllByTitle": [Function],
  "findByAltText": [Function],
  "findByDisplayValue": [Function],
  "findByLabelText": [Function],
  "findByPlaceholderText": [Function],
  "findByRole": [Function],
  "findByTestId": [Function],
  "findByText": [Function],
  "findByTitle": [Function],
  "getAllByAltText": [Function],
  "getAllByDisplayValue": [Function],
  "getAllByLabelText": [Function],
  "getAllByPlaceholderText": [Function],
  "getAllByRole": [Function],
  "getAllByTestId": [Function],
  "getAllByText": [Function],
  "getAllByTitle": [Function],
  "getByAltText": [Function],
  "getByDisplayValue": [Function],
  "getByLabelText": [Function],
  "getByPlaceholderText": [Function],
  "getByRole": [Function],
  "getByTestId": [Function],
  "getByText": [Function],
  "getByTitle": [Function],
  "queryAllByAltText": [Function],
  "queryAllByDisplayValue": [Function],
  "queryAllByLabelText": [Function],
  "queryAllByPlaceholderText": [Function],
  "queryAllByRole": [Function],
  "queryAllByTestId": [Function],
  "queryAllByText": [Function],
  "queryAllByTitle": [Function],
  "queryByAltText": [Function],
  "queryByDisplayValue": [Function],
  "queryByLabelText": [Function],
  "queryByPlaceholderText": [Function],
  "queryByRole": [Function],
  "queryByTestId": [Function],
  "queryByText": [Function],
  "queryByTitle": [Function],
  "rerender": [Function],
  "unmount": [Function],
}
`;
